DEBUG      [2016-07-06 18:06:03,100] Init Done

DEBUG      [2016-07-06 18:06:07,002] Added new path: sdfgsd
